TV-HUB Maintenance port connection
RF: AGC=60979
+POS:  17.5  55.8 -22.8 2532 11.83 166EN TRACKSAT
+BST:  17.4  54.8  -3.9
+POS:  17.5  55.8 -22.8 2536 11.83 166EN TRACKSAT
+BST:  17.4  54.9  -4.0
RF: AGC=60986
+$GPRMC,070509.000,A,2725.0011,S,15314.9999,E,0.00,114.49,260926,,,D*7D
+POS:  17.5  55.8 -22.8 2590 11.86 166EN TRACKSAT
+BST:  17.4  54.8  -4.0
+AZOFFSET, 0.00,V
+POS:  17.5  55.8 -22.8 2576 11.85 166EN TRACKSAT
+BST:  17.4  54.8  -3.9
RF: AGC=60985
=>SAT,USER2,H,L
SAT: Polarization/Band <H/L> is invalid
Avg:  54.8  54.8  54.8  54.9  54.8
Saved Sat Pos: AZ =  17.54, EL =  54.84
+POS:  17.5  55.8 -22.8 2594 11.81 166EN TRACKSAT
+BST:  17.4  54.8  -4.1
=>SAT
+SAT,166EN,H,L
+POS:  17.5  55.8 -22.8 2544 11.78 166EN TRACKSAT
+BST:  17.4  54.8  -3.9
RF: AGC=60985
+POS:  17.5  55.8 -22.8 2558 11.85 166EN TRACKSAT
+BST:  17.4  54.8  -3.9
Operational Hours = 17694.0
RF: AGC=60999
+POS:  17.5  55.8 -22.8 2550 11.93 166EN TRACKSAT
+BST:  17.4  54.8  -4.0
+$GPRMC,070524.000,A,2725.0011,S,15314.9999,E,0.00,114.49,260926,,,D*72
+POS:  17.5  55.8 -22.8 2588 11.85 166EN TRACKSAT
+BST:  17.4  54.8  -4.0
RF: AGC=61001
New Gyro Bias: AZ = 1361.03 EL = 1355.82
Drift OR = 5.1151e-02 AzCorr 1.2967e-02 ElCorr -4.6036e-02
Avg:  54.8  54.8  54.8  54.9  54.8
Saved Sat Pos: AZ =  17.54, EL =  54.84
+POS:  17.5  55.8 -22.8 2530 11.85 166EN TRACKSAT
+BST:  17.4  54.8  -3.9
+STATUS: 00000000 00000000
+POS:  17.5  55.8 -22.8 2542 11.88 166EN TRACKSAT
+BST:  17.4  54.8  -3.9
RF: AGC=60988
+POS:  17.5  55.8 -22.8 2574 11.83 166EN TRACKSAT
+BST:  17.4  54.9  -3.9
RF: AGC=61000
+POS:  17.5  55.8 -22.8 2542 11.79 166EN TRACKSAT
+BST:  17.4  54.9  -4.0
+$GPRMC,070539.000,A,2725.0011,S,15314.9999,E,0.00,114.49,260926,,,D*7E
+POS:  17.5  55.8 -22.8 2522 11.82 166EN TRACKSAT
+BST:  17.4  54.8  -3.9
RF: AGC=60995
Avg:  54.8  54.8  54.8  54.9  54.8
Saved Sat Pos: AZ =  17.54, EL =  54.84
+POS:  17.5  55.8 -22.8 2568 11.87 166EN TRACKSAT
+BST:  17.4  54.8  -3.9
+POS:  17.5  55.8 -22.8 2530 11.87 166EN TRACKSAT
+BST:  17.4  54.8  -3.9
RF: AGC=60980
+POS:  17.5  55.8 -22.8 2556 11.95 166EN TRACKSAT
+BST:  17.4  54.9  -3.8
+STATE: Sleeping
+POS:  17.5  55.8 -22.8 2552 11.70 166EN TRACKSAT
+BST:  17.4  54.9  -3.9
RF: AGC=61007
TEMP =  47.8 deg C
+$GPRMC,070554.000,A,2725.0011,S,15314.9999,E,0.00,114.49,260926,,,D*75
+POS:  17.5  55.8 -22.8 2550 11.86 166EN TRACKSAT
+BST:  17.4  54.9  -3.9
New Gyro Bias: AZ = 1361.04 EL = 1355.75
Drift OR = 7.5598e-02 AzCorr 1.6827e-02 ElCorr -6.8038e-02
RF: AGC=61020
Avg:  54.8  54.8  54.8  54.9  54.8
Saved Sat Pos: AZ =  17.54, EL =  54.84
+POS:  17.5  55.8 -22.8 2602 11.89 166EN TRACKSAT
+BST:  17.4  54.9  -3.9
+VOLTAGE,1,ANT 32  VDC,32.5
+POS:  17.5  55.8 -22.8 2592 11.83 166EN TRACKSAT
+BST:  17.4  54.9  -4.0
RF: AGC=60986
+POS:  17.5  55.8 -22.8 2564 11.86 166EN TRACKSAT
+BST:  17.4  54.8  -3.9
+POS:  17.5  55.8 -22.8 2556 11.86 166EN TRACKSAT
+BST:  17.4  54.9  -3.9
RF: AGC=60985
+$GPRMC,070609.000,A,2725.0011,S,15314.9999,E,0.00,114.49,260926,,,D*7E
+AZOFFSET, 0.00,V
+POS:  17.5  55.8 -22.8 2552 11.87 166EN TRACKSAT
+BST:  17.4  54.8  -3.8
Avg:  54.8  54.8  54.8  54.9  54.8
Saved Sat Pos: AZ =  17.54, EL =  54.84
RF: AGC=61001
+POS:  17.5  55.8 -22.8 2552 11.89 166EN TRACKSAT
+BST:  17.4  54.8  -4.0
+POS:  17.5  55.8 -22.8 2574 11.78 166EN TRACKSAT
+BST:  17.4  54.8  -3.9
RF: AGC=61002
+POS:  17.5  55.8 -22.8 2556 11.96 166EN TRACKSAT
+BST:  17.4  54.8  -4.0
+POS:  17.5  55.8 -22.8 2544 11.86 166EN TRACKSAT
+BST:  17.4  54.8  -3.9
RF: AGC=60980
+$GPRMC,070624.000,A,2725.0011,S,15314.9999,E,0.00,114.49,260926,,,D*71
+POS:  17.5  55.8 -22.8 2542 11.83 166EN TRACKSAT
+BST:  17.4  54.8  -3.9
Avg:  54.8  54.8  54.8  54.9  54.8
Saved Sat Pos: AZ =  17.54, EL =  54.85
=>SAT,166EN,H,H
+SAT,166EN,H,H
New Gyro Bias: AZ = 1361.04 EL = 1355.72
Drift OR = 2.9358e-02 AzCorr 6.3623e-04 ElCorr -2.6422e-02
RF: Normalize ~ First HW Lock
+POS:  17.6  55.8 -22.8 2550  0.00 166EN TRACKSAT
+BST:  17.5  54.9  -3.8
+RF: S,166EN,H,H,V
+*** Entering Tracking ***
Sleep=>CONSCAN: SNR outside limits.
RF: Power: 61010
RF: AGC=61006
+STATE: Tracking
+STATUS: 00000000 00000000
+POS:  17.5  55.2 -22.8 2500 11.57 166EN TRACKSAT
+BST:  17.5  54.5  -3.9
RF: AGC=60981
+POS:  17.3  55.3 -22.8 2514 11.39 166EN TRACKSAT
+BST:  17.3  54.6  -3.6
*** Network ID Check ***
RF: CHECKID
RF: AGCOFF
+POS:  17.7  56.0 -22.8 2522 11.78 166EN WAITIDCHECK
+BST:  17.5  55.1  -4.0
RF: Y,Ignore ID,0x0001
Avg:  54.8  54.8  54.8  54.9  54.8
RF: I,1,61020,11.94,2590,1
RF: FREQ,166EN,12606,30000,5/6,0XFFFE,QDVB,H,H,10700
+*** Tracking 166EN ***
+$GPRMC,070639.000,A,2725.0011,S,15314.9999,E,0.00,114.49,260926,,,D*7D
+POS:  17.4  55.4 -22.8 2554 11.60 166EN TRACKSAT
+BST:  17.3  54.6  -3.8
+POS:  17.8  56.0 -22.8 2534 11.80 166EN TRACKSAT
+BST:  17.6  55.0  -3.8
+POS:  17.2  55.5 -22.8 2546 11.69 166EN TRACKSAT
+BST:  17.1  54.8  -3.7
+POS:  17.8  55.8 -22.8 2528 11.77 166EN TRACKSAT
+BST:  17.6  54.9  -4.0
+STATE: Tracking
+POS:  17.1  55.7 -22.8 2528 11.69 166EN TRACKSAT
+BST:  17.0  54.9  -3.9
Avg:  54.8  54.9  54.8  54.9  54.8
Saved Sat Pos: AZ =  17.74, EL =  54.85
+$GPRMC,070654.000,A,2725.0011,S,15314.9999,E,0.00,114.49,260926,,,D*76
+POS:  17.8  55.7 -22.8 2536 11.74 166EN TRACKSAT
+BST:  17.7  54.9  -4.1
+POS:  17.0  55.8 -22.8 2560 11.65 166EN TRACKSAT
+BST:  16.9  55.1  -3.8
+VOLTAGE,2,ANT 8   VDC,8.1 
+POS:  17.7  55.5 -22.8 2578 11.76 166EN TRACKSAT
+BST:  17.6  54.6  -3.8
+POS:  17.3  56.0 -22.8 2520 11.76 166EN TRACKSAT
+BST:  17.1  55.3  -4.0
+POS:  17.6  55.5 -22.8 2556 11.64 166EN TRACKSAT
+BST:  17.6  54.7  -3.8
Avg:  54.8  54.9  55.0  54.9  54.8
Saved Sat Pos: AZ =  17.08, EL =  54.87
+AZOFFSET, 0.00,V
Gyro Bias Residue: AZ = -1.3982e-01 EL = 1.6209e-01
Old Gyro Bias: AZ = 1361.04 EL = 1355.72
New Gyro Bias: AZ = 1361.18 EL = 1355.56
+$GPRMC,070709.000,A,2725.0011,S,15314.9999,E,0.00,114.49,260926,,,D*7F
+POS:  17.3  56.1 -22.8 2522 11.73 166EN TRACKSAT
+BST:  17.1  55.4  -3.8
+POS:  17.6  55.4 -22.8 2558 11.68 166EN TRACKSAT
+BST:  17.5  54.7  -3.8
+POS:  17.5  56.1 -22.8 2512 11.69 166EN TRACKSAT
+BST:  17.3  55.3  -4.0
+POS:  17.4  55.4 -22.8 2576 11.69 166EN TRACKSAT
+BST:  17.3  54.7  -3.9
Operational Hours = 17694.0
+POS:  17.7  56.1 -22.8 2540 11.83 166EN TRACKSAT
+BST:  17.6  55.5  -3.9
Avg:  54.8  54.9  55.0  55.0  54.8
Saved Sat Pos: AZ =  17.78, EL =  54.90
+POS:  17.5  55.6 -22.8 2556 11.69 166EN TRACKSAT
+BST:  17.4  55.0  -3.7
+$GPRMC,070724.000,A,2725.0012,S,15314.9999,E,0.00,114.49,260926,,,D*73
+POS:  18.0  55.9 -22.8 2540 11.80 166EN TRACKSAT
+BST:  17.9  55.2  -3.9
+STATUS: 00000000 00000000
+POS:  17.5  55.6 -22.8 2554 11.77 166EN TRACKSAT
+BST:  17.4  55.0  -3.8
+POS:  18.0  55.9 -22.8 2568 11.76 166EN TRACKSAT
+BST:  17.9  55.1  -3.9
+POS:  17.3  55.8 -22.8 2566 11.90 166EN TRACKSAT
+BST:  17.2  55.0  -3.8
Avg:  54.8  54.9  55.0  55.0  55.0
Saved Sat Pos: AZ =  17.90, EL =  54.95
=>SATCK,USER2,D2
+SATCK,USER2,D2
+POS:  18.0  55.7 -22.8 2568 11.61 166EN TRACKSAT
+BST:  17.9  54.9  -3.8
Gyro Bias Residue: AZ = 7.0094e-02 EL = -5.2381e-02
Old Gyro Bias: AZ = 1361.18 EL = 1355.56
New Gyro Bias: AZ = 1361.11 EL = 1355.61
+$GPRMC,070739.000,A,2725.0012,S,15314.9999,E,0.00,114.49,260926,,,D*7F
=>SATCK,USER2,BE
+SATCK,USER2,D2
=>SATINSTALL,USER6I,166EN,USER2,USER6
+SATINSTALL,USER6I,166EN,USER2,USER6
=>SATSETUP,USER6I,156.00,-45.0
uiSatsToInstall,4
+SATSETUP,USER6I,156.00,-45.0
=>SATCONFIG,USER6I,0,11804,30000,1/2,0XFFFE,V,H,LQPSK
+SATCONFIG,USER6I,0,11804,30000,1/2,0XFFFE,V,H,LQPSK
=>SATCONFIG,USER6I,1,12318,29455,3/5,0XFFFE,H,H,L8PSK
+SATCONFIG,USER6I,1,12318,29455,3/5,0XFFFE,H,H,L8PSK
=>SATCONFIG,USER6I,2,11804,30000,1/2,0XFFFE,V,L,LQPSK
+SATCONFIG,USER6I,2,11804,30000,1/2,0XFFFE,V,L,LQPSK
=>SATCONFIG,USER6I,3,12318,29455,3/5,0XFFFE,H,L,L8PSK
+SATCONFIG,USER6I,3,12318,29455,3/5,0XFFFE,H,L,L8PSK
=>SATCONFIG,USER6I,99,F1
+SATCONFIG,USER6I,99,F1
=>SATSETUP,166EN,165.98,0.0
INSTALL_WAIT_CONFIG1
+SATSETUP,166EN,165.98,0.0
=>SATCONFIG,166EN,0,12549,04279,2/3,0XFFFE,V,H,L8PSK
+SATCONFIG,166EN,0,12549,04279,2/3,0XFFFE,V,H,L8PSK
=>SATCONFIG,166EN,1,12606,30000,5/6,0XFFFE,H,H,QDVB
+SATCONFIG,166EN,1,12606,30000,5/6,0XFFFE,H,H,QDVB
=>SATCONFIG,166EN,2,12549,04279,2/3,0XFFFE,V,L,L8PSK
+SATCONFIG,166EN,2,12549,04279,2/3,0XFFFE,V,L,L8PSK
=>SATCONFIG,166EN,3,12606,30000,5/6,0XFFFE,H,L,QDVB
+SATCONFIG,166EN,3,12606,30000,5/6,0XFFFE,H,L,QDVB
=>SATCONFIG,166EN,99,EE
+SATCONFIG,166EN,99,EE
=>SATSETUP,USER2,172.00,0.0
INSTALL_WAIT_CONFIG1
+SATSETUP,USER2,172.00,0.0
=>SATCONFIG,USER2,0,00000,20000,3/4,0XFFFE,V,H,QDVB
+SATCONFIG,USER2,0,00000,20000,3/4,0XFFFE,V,H,QDVB
=>SATCONFIG,USER2,1,00000,20000,3/4,0XFFFE,V,H,QDVB
+SATCONFIG,USER2,1,00000,20000,3/4,0XFFFE,V,H,QDVB
=>SATCONFIG,USER2,2,12611,30000,3/4,0XFFFE,H,H,L8PSK
+SATCONFIG,USER2,2,12611,30000,3/4,0XFFFE,H,H,L8PSK
=>SATCONFIG,USER2,3,12611,30000,3/4,0XFFFE,H,H,L8PSK
+SATCONFIG,USER2,3,12611,30000,3/4,0XFFFE,H,H,L8PSK
=>SATCONFIG,USER2,99,BE
+SATCONFIG,USER2,99,BE
=>SATSETUP,USER6,122.00,0.0
INSTALL_WAIT_CONFIG1
+POS:  17.5  55.9 -22.8 2566 11.76 166EN TRACKSAT
+SATSETUP,USER6,122.00,0.0
=>SATCONFIG,USER6,0,12415,40000,7/8,0XFFFE,V,H,QDVB
+BST:  17.4  55.2  -3.9
+SATCONFIG,USER6,0,12415,40000,7/8,0XFFFE,V,H,QDVB
=>SATCONFIG,USER6,1,00000,20000,3/4,0XFFFE,H,H,QDVB
RF: AGCON
+SATCONFIG,USER6,1,00000,20000,3/4,0XFFFE,H,H,QDVB
=>SATCONFIG,USER6,2,00000,13000,3/5,0XFFFE,V,L,L8PSK
+SATCONFIG,USER6,2,00000,13000,3/5,0XFFFE,V,L,L8PSK
=>SATCONFIG,USER6,3,00000,20000,3/4,0XFFFE,H,L,QDVB
+SATCONFIG,USER6,3,00000,20000,3/4,0XFFFE,H,L,QDVB
=>SATCONFIG,USER6,99,E4
+SATCONFIG,USER6,99,E4
EE Page Write 0 76 58 USER6I
EE Page Write 1 76 58 166EN
EE Page Write 2 76 58 USER2
EE Page Write 3 76 58 USER6
RF: SATINSTALL,USER6I,166EN,USER2,USER6
RF: SATCONFIG,USER6I,0,11804,30000,1/2,0XFFFE,V,H,LQPSK
RF: SATCONFIG,USER6I,1,12318,29455,3/5,0XFFFE,H,H,L8PSK
RF: SATCONFIG,USER6I,2,11804,30000,1/2,0XFFFE,V,L,LQPSK
RF: SATCONFIG,166EN,0,12549,4279,2/3,0XFFFE,V,H,L8PSK
RF: SATCONFIG,USER6I,3,12318,29455,3/5,0XFFFE,H,L,L8PSK
RF: SATCONFIG,166EN,1,12606,30000,5/6,0XFFFE,H,H,QDVB
RF: SATCONFIG,166EN,2,12549,4279,2/3,0XFFFE,V,L,L8PSK
RF: SATCONFIG,166EN,3,12606,30000,5/6,0XFFFE,H,L,QDVB
RF: SATCONFIG,USER2,0,0,20000,3/4,0XFFFE,V,H,QDVB
RF: SATCONFIG,USER2,1,0,20000,3/4,0XFFFE,V,H,QDVB
RF: SATCONFIG,USER6,0,12415,40000,7/8,0XFFFE,V,H,QDVB
RF: SATCONFIG,USER2,2,12611,30000,3/4,0XFFFE,H,H,L8PSK
RF: SATCONFIG,USER6,1,0,20000,3/4,0XFFFE,H,H,QDVB
RF: SATCONFIG,USER6,2,0,13000,3/5,0XFFFE,V,L,L8PSK
RF: SATCONFIG,USER2,3,12611,30000,3/4,0XFFFE,H,H,L8PSK
RF: SATCONFIG,USER6,3,0,20000,3/4,0XFFFE,H,L,QDVB
RF: Sats Installed: 4
=>ZAP
+RF: S,USER6I,V,H,V
LNB VOLTAGE: Expected 18.0, Actual 13.0
+ZAP
RF: AGC=59339
+POS:  17.9  55.5 -22.8  500  0.00 USER6I TRACKSAT
+BST:  17.8  54.7  -3.9
=>STATE
>STATE: Idle
šø
+SystemID = 14 - TV6SK
+KVH TracVision TV6 Rev J - Version 2.50 - Serial Number 000000000 - SystemID TV6SK
$GPRMC,070749.000,A,2725.0012,S,15314.9999,E,0.00,114.49,260926,,,D
=>STATE
>STATE: Boot
+*** Testing Power ***
V42
=>STATE
>STATE: Boot
ANT 42  VDC: OK; 41.7
ANT 42  VDC: OK; 41.8
ANT 32  VDC: OK; 32.5
ANT 8   VDC: OK;  8.1
ANT 5   VDC: OK;  5.0
ANT LNB VDC: OK;  8.1
EE STATUS 0 = 15 - OK
EE STATUS 1 = 15 - OK
+STATE: Boot
=>STATE
>STATE: Boot
=>STATE
>STATE: Boot
+Limit Switch Test
+MTRVER,C,2.00,04-0867
MTR: MOTOR TV6 REV C VER 2.00 SW 04-0867
+SKEWVER,C,2.00,04-0868
SKEW: SKEW TV6 REV C VER 2.00 SW 04-0868
SKEW Limit Switch Test started on TracVision TV6 with 19-0864 AUST DUA LNB 
=>STATE
>STATE: Initializing
+STATE: Initializing
RF: CHECKSUM: 0x0B4A
+RF: SM TVRO RF REV G VER 2.50 SW 04-0858
=>GPS
=>=SERNUM
=>HOURS
=>SIDELOBE
=>SLEEP
=>ANTLNB
=>SEARCHTIMEOUT
=>SAT
=>@FPGAVER
=>STATUS
=>HW
+GPS,2725.01,S,15315.00,E,A
>SN = 000000000
ANTLNB,19-0864 AUST DUA,L,13/18V,10700,N,ON,OFF,N,OFF
SEARCHTIMEOUT=ON 12 hour limit
+Operational Hours = 17694.0
+SIDELOBE = OFF
+SLEEP=on
+SAT,USER6I,V,H
>STATUS: 00000000 00000000
Hardware Version 01
RF: AP Image Upload: Started
RF: AP Image Upload: Done
RF: Chip ID: 0x4515
RF: config_version: 0x25
RF: Chip Version: 0xb0
RF: AP Microcode Version: 0x6f
RF: numTuners: 1
RF: Flash ID 1f (Atmel) recognized!
RF: FPGA Version: 1
RF: Configuring FPGA
RF: BCM3445 Version: 0xe1
=>@FPGAVER
+VOLTAGE,0,ANT 42  VDC,39.2
+$GPRMC,070803.000,A,2725.0012,S,15315.0000,E,0.01,114.49,260926,,,A*7C
=>@FPGAVER
=>@FPGAVER
=>STATE
=>@FPGAVER
>STATE: Initializing
=>@FPGAVER
=>STATE
=>@FPGAVER
>STATE: Initializing
+AZOFFSET, 0.00,V
=>@FPGAVER
=>@FPGAVER
=>STATE
=>@FPGAVER
>STATE: Initializing
+$GPRMC,070818.000,A,2725.0015,S,15315.0000,E,0.30,114.49,260926,,,D*76
=>@FPGAVER
=>STATE
=>@FPGAVER
>STATE: Initializing
Operational Hours = 17694.0
=>@FPGAVER
=>STATE
=>@FPGAVER
>STATE: Initializing
=>@FPGAVER
RF: FPGA configured!
RF: LOAD,OK
+STATUS: 00000000 00000000
MTR 20  AZ 4652  EL 1194  SKS 20  SKW 0000
Limit Switch Status: PASS
+*** Initializing Rate Bias ***
RF: FPGAVER,1
=>STATE
>STATE: Initializing
+STATUS: 00000000 00000000
+$GPRMC,070833.000,A,2725.0027,S,15315.0000,E,0.00,114.49,260926,,,D*7D
=>STATE
>STATE: Initializing
AzDiff:9.046875 = Computed:1361.046875 - FactCal:1352.000000
ElDiff:3.721069 = Computed:1355.721069 - FactCal:1352.000000
Estimate   : Az 1360.91  El 1355.72   50 deg C
TEMP =  49.8 deg C
Computed   : Az 1361.05  El 1355.72   50 deg C
Bias Fit Az =   -0.06, El =   -0.07 (Counts/degC)
Saved Cold : Az 1363.95  El 1358.10    4 deg C
AccelMinMax Roll    0.6, Pitch    0.5, AzBiasDelta    0.1
Saved Warm : Az 1361.02  El 1355.87   48 deg C
+RATE BIAS: PASS
Saved Hot  : Az 1360.35  El 1354.99   60 deg C
Saved Last : Az 1361.02  El 1355.87   48 deg C
Factory Cal: Az 1352.00  El 1352.00   20 deg C
Using Computed Bias - Stationary
+*** Initializing Antenna ***
+GPS: USER6I AZ =   5.7, EL = 57.5, SKEW = 39.8
+GPS: USER2 AZ =  36.3, EL = 51.6, SKEW = -31.6
Computed   : Az 1361.05  El 1355.72   50 deg C
+GPS: UTC: 070838.000, Lat: 2725.01S, Long: 15315.00E
+GPS: 166EN AZ =  25.9, EL = 54.7, SKEW = -22.8
+GPS: USER6 AZ = 307.4, EL = 42.9, SKEW = 45.0
+*** Initializing RF Controller ***
RF: RF AntType: TV6
RF: HWTYPE,TV6
=>STATE
>STATE: Initializing
RF: LNB,13/18V,10700,N,ON,OFF,N,OFF
RF: Attenuator:  8
+RF: SM TVRO RF REV G VER 2.50 SW 04-0858
RF: SATINSTALL,USER6I,166EN,USER2,USER6
RF: SATCONFIG,USER6I,0,11804,30000,1/2,0XFFFE,V,H,LQPSK
RF: SATCONFIG,USER6I,1,12318,29455,3/5,0XFFFE,H,H,L8PSK
RF: SATCONFIG,USER6I,2,11804,30000,1/2,0XFFFE,V,L,LQPSK
RF: SATCONFIG,USER6I,3,12318,29455,3/5,0XFFFE,H,L,L8PSK
RF: SATCONFIG,166EN,0,12549,4279,2/3,0XFFFE,V,H,L8PSK
RF: SATCONFIG,166EN,1,12606,30000,5/6,0XFFFE,H,H,QDVB
RF: SATCONFIG,166EN,2,12549,4279,2/3,0XFFFE,V,L,L8PSK
+$GPRMC,070848.000,A,2725.0027,S,15315.0000,E,0.00,114.49,260926,,,D*71
RF: SATCONFIG,USER2,1,00000,20000,3/4,0XFFFE,V,H,QDVB
RF: SATCONFIG,USER2,2,12611,30000,3/4,0XFFFE,H,H,L8PSK
RF: SATCONFIG,166EN,3,12606,30000,5/6,0XFFFE,H,L,QDVB
RF: SATCONFIG,USER6,0,12415,40000,7/8,0XFFFE,V,H,QDVB
RF: SATCONFIG,USER6,1,00000,20000,3/4,0XFFFE,H,H,QDVB
RF: SATCONFIG,USER6,2,00000,13000,3/5,0XFFFE,V,L,L8PSK
RF: SATCONFIG,USER2,0,00000,20000,3/4,0XFFFE,V,H,QDVB
RF: SATCONFIG,USER6,3,00000,20000,3/4,0XFFFE,H,L,QDVB
RF: SATCONFIG,USER2,3,12611,30000,3/4,0XFFFE,H,H,L8PSK
+RF: S,USER6I,V,H,V
+RF COMM: PASS
EE STATUS 0 = 15 - OK
EE STATUS 1 = 15 - OK
Current : X 1351.30  Y 1361.16  Z 1368.33   49 deg C
AZDist -174.28, ELDist  3.27
+*** Entering Search Mode 0 ***
Searching for USER6I, Threshold = 800
+STATE: Searching
+STATE: Searching
+POS: 127.5  62.6  39.8  500  0.00 USER6I SEARCH0
+BST: 125.8  60.0  -4.1
=>SATINSTALL
+SATINSTALL,USER6I,166EN,USER2,USER6
+POS:   9.3  64.6  39.8  500  0.00 USER6I SEARCH0
+BST:   8.6  64.4  -5.1
=>SATCK,USER6I,F1
+SATCK,USER6I,F1
TEMP =  50.0 deg C
bSearchMovesComplete: AZ =   4.04, EL =  64.75 SKEW =  39.82
RF: SDOFF
Start Search: AZ =   4.06, EL =  64.75, SKEW =  39.82, RF =  500
=>SATCK,166EN,EE
+SATCK,166EN,EE
+POS:   4.4  64.9  39.8  500  0.00 USER6I SEARCH0
+BST:   4.4  64.2  -5.8
=>SATCK,USER2,BE
+SATCK,USER2,BE
+VOLTAGE,1,ANT 32  VDC,32.4
+POS:   3.6  63.8  39.8  500  0.00 USER6I SEARCH0
+BST:   3.6  63.2  -5.7
=>SATCK,USER6,E4
+SATCK,USER6,E4
+$GPRMC,070903.000,A,2725.0025,S,15315.0001,E,0.00,114.49,260926,,,D*7C
=>SAT
+SAT,USER6I,V,H
+POS:   2.2  65.4  39.8  500  0.00 USER6I SEARCH0
+BST:   2.1  64.8  -6.1
=>SAT,USER6I,H,H
+SAT,USER6I,H,H
+RF: S,USER6I,H,H,V
+POS:   5.0  66.6  39.8  500  0.00 USER6I SEARCH0
+BST:   4.9  65.8  -6.4
+POS:   6.3  62.9  39.8  500  0.00 USER6I SEARCH0
+BST:   6.5  62.4  -5.7
+AZOFFSET, 0.00,V
+POS:   0.9  62.3  39.8  500  0.00 USER6I SEARCH0
+BST:   1.0  62.0  -5.4
+POS:   1.0  68.1  39.8  500  0.00 USER6I SEARCH0
+BST:   0.8  67.5  -6.8
+$GPRMC,070918.000,A,2725.0025,S,15315.0001,E,0.00,114.49,260926,,,D*76
+POS:   8.2  67.3  39.8  500  0.00 USER6I SEARCH0
+BST:   8.0  66.2  -6.4
+POS:   6.3  59.9  39.8  500  0.00 USER6I SEARCH0
+BST:   6.5  59.2  -5.1
+POS: 357.5  63.0  39.8  500  0.00 USER6I SEARCH0
+BST: 357.7  63.0  -5.6
RF: Normalize ~ First HW Lock
RF: Power: 60615
Satellite Found: AZ = 359.9, EL =  59.8, RF = 2596
bSearchMovesComplete: AZ =   0.22, EL =  59.76 SKEW =  39.82
+*** Entering Tracking ***
+POS:   0.1  59.8  39.8 2562  0.00 USER6I ACQTOTRK
+BST:   0.0  59.2  -5.4
+STATUS: 00000000 00000000
+POS: 359.5  59.3  39.8 3040  8.83 USER6I ACQTOTRK
+BST: 359.5  58.8  -5.2
+$GPRMC,070933.000,A,2725.0024,S,15315.0001,E,0.00,114.49,260926,,,D*7E
+POS: 359.6  59.1  39.8 3080  9.38 USER6I ACQTOTRK
+BST: 359.3  58.7  -5.1
+POS: 359.7  59.0  39.8 3072  9.49 USER6I ACQTOTRK
+BST: 359.6  58.3  -5.4
*** Network ID Check ***
RF: CHECKID
+POS: 359.8  58.6  39.8 3086  9.97 USER6I WAITIDCHECK
+BST: 359.9  57.7  -5.1
RF: Y,Ignore ID,0x1000
Avg:  57.9   0.0   0.0   0.0   0.0
RF: I,1,60912,9.77,3092,1
RF: FREQ,USER6I,12318,29455,3/5,0XFFFE,L8PSK,H,H,10700
+*** Tracking USER6I ***
+POS: 359.4  58.9  39.8 3112 10.09 USER6I TRACKSAT
+BST: 359.4  58.2  -5.1
+STATE: Tracking
+POS:   0.0  58.3  39.8 3050  9.85 USER6I TRACKSAT
+BST:   0.0  57.8  -5.0
+$GPRMC,070948.000,A,2725.0024,S,15315.0001,E,0.00,114.49,260926,,,D*72
+POS: 359.6  58.9  39.8 3080  9.96 USER6I TRACKSAT
+BST: 359.5  58.2  -5.2
+STATE: Tracking
+POS: 359.9  58.2  39.8 3032  9.60 USER6I TRACKSAT
+BST:   0.0  57.6  -5.1
+POS: 359.8  58.8  39.8 3000  9.62 USER6I TRACKSAT
+BST: 359.8  58.1  -4.9
Avg:  57.9  57.9   0.0   0.0   0.0
Saved Sat Pos: AZ =   0.16, EL =  57.90
+POS: 359.7  58.0  39.8 3026 10.01 USER6I TRACKSAT
+BST: 359.7  57.4  -5.0
+VOLTAGE,2,ANT 8   VDC,8.1 
+POS: 359.9  58.6  39.8 3008  9.60 USER6I TRACKSAT
+BST: 359.9  58.0  -4.9
+$GPRMC,071003.000,A,2725.0024,S,15315.0001,E,0.00,114.49,260926,,,D*75
+POS: 359.5  58.0  39.8 3026 10.23 USER6I TRACKSAT
+BST: 359.6  57.5  -5.1
+POS:   0.0  58.5  39.8 2956  9.35 USER6I TRACKSAT
+BST:   0.0  57.7  -5.0
+POS: 359.5  58.1  39.8 2872 10.32 USER6I TRACKSAT
+BST: 359.5  57.6  -5.0
+AZOFFSET, 0.00,V
Avg:  57.9  57.9  57.7   0.0   0.0
Saved Sat Pos: AZ = 359.66, EL =  57.84
Gyro Bias Residue: AZ = -9.2598e-02 EL = -1.3773e-01
Old Gyro Bias: AZ = 1361.05 EL = 1355.72
New Gyro Bias: AZ = 1361.14 EL = 1355.86
+POS:   0.1  58.3  39.8 2926  9.33 USER6I TRACKSAT
+BST:   0.1  57.6  -5.2
+POS: 359.5  58.2  39.8 2824 10.46 USER6I TRACKSAT
+BST: 359.5  57.7  -5.0
+$GPRMC,071018.000,A,2725.0024,S,15315.0001,E,0.00,114.49,260926,,,D*7F
+POS:   0.1  58.1  39.8 2898  9.12 USER6I TRACKSAT
+BST:   0.1  57.4  -5.3
Operational Hours = 17694.0
+POS: 359.5  58.3  39.8 2822 10.41 USER6I TRACKSAT
+BST: 359.4  57.7  -5.2
+POS:   0.0  58.0  39.8 2846  9.07 USER6I TRACKSAT
+BST:   0.0  57.3  -5.1
Avg:  57.9  57.9  57.7  57.5   0.0
Saved Sat Pos: AZ = 359.46, EL =  57.77
+POS: 359.5  58.4  39.8 2810 10.31 USER6I TRACKSAT
+BST: 359.5  57.7  -5.1
+STATUS: 00000000 00000000
+POS: 359.9  57.9  39.8 2866  9.30 USER6I TRACKSAT
+BST: 359.9  57.2  -5.3
+POS: 359.6  58.5  39.8 2926 10.19 USER6I TRACKSAT
+$GPRMC,071033.000,A,2725.0024,S,15315.0001,E,0.00,114.49,260926,,,A*73
+BST: 359.5  57.7  -5.1
+POS: 359.8  57.8  39.8 2842  9.58 USER6I TRACKSAT
+BST: 359.8  57.1  -5.1
+POS: 359.8  58.5  39.8 2866  9.87 USER6I TRACKSAT
+BST: 359.8  57.8  -5.1
Avg:  57.9  57.9  57.7  57.5  57.6
Saved Sat Pos: AZ =   0.06, EL =  57.72
+POS: 359.6  57.9  39.8 2860 10.04 USER6I TRACKSAT
+BST: 359.6  57.2  -5.1
Gyro Bias Residue: AZ = -6.4597e-02 EL = 9.0540e-02
Old Gyro Bias: AZ = 1361.14 EL = 1355.86
New Gyro Bias: AZ = 1361.20 EL = 1355.77
Saved Track Bias Az = 1361.20, El = 1355.77, Temp = 50 deg C
+POS:   0.0  58.5  39.8 2818  9.42 USER6I TRACKSAT
+BST:   0.0  57.8  -4.9
+POS: 359.4  58.0  39.8 2720 10.34 USER6I TRACKSAT
+BST: 359.5  57.5  -5.0
+$GPRMC,071048.000,A,2725.0024,S,15315.0001,E,0.00,114.49,260926,,,A*7F
+STATE: Tracking
+POS:   0.1  58.4  39.8 2774  9.23 USER6I TRACKSAT
+BST:   0.1  57.8  -5.4
+POS: 359.5  58.2  39.8 2686 10.46 USER6I TRACKSAT
+BST: 359.5  57.6  -5.2
Avg:  57.6  57.9  57.7  57.5  57.6
Saved Sat Pos: AZ = 359.76, EL =  57.67
+POS:   0.1  58.3  39.8 2736  9.26 USER6I TRACKSAT
+BST:   0.1  57.6  -5.2
+VOLTAGE,3,ANT 5   VDC,5.0 
+POS: 359.4  58.3  39.8 2684 10.43 USER6I TRACKSAT
+BST: 359.4  57.7  -4.9
