TV-HUB Maintenance port connection
+POS:  17.7  55.8 -22.8 3114 11.89 166EN TRACKSAT
+BST:  17.5  54.5  -5.1
+STATUS: 00000000 00000000
RF: AGC=60967
+POS:  17.7  55.8 -22.8 3090 11.91 166EN TRACKSAT
+BST:  17.5  54.5  -5.1
+$GPRMC,063124.000,A,2725.0009,S,15315.0012,E,0.00,114.49,260926,,,D*7F
Avg:  54.5  54.5  54.5  54.7  54.6
Saved Sat Pos: AZ =  17.66, EL =  54.55
+POS:  17.7  55.8 -22.8 3036 11.87 166EN TRACKSAT
+BST:  17.5  54.5  -5.0
RF: AGC=60986
+POS:  17.7  55.8 -22.8 3036 11.88 166EN TRACKSAT
+BST:  17.5  54.4  -5.1
+POS:  17.7  55.8 -22.8 3066 11.91 166EN TRACKSAT
+BST:  17.5  54.4  -5.1
RF: AGC=60984
+POS:  17.7  55.8 -22.8 3054 11.88 166EN TRACKSAT
+BST:  17.5  54.5  -5.1
+POS:  17.7  55.8 -22.8 2990 11.88 166EN TRACKSAT
+BST:  17.5  54.5  -5.2
RF: AGC=60979
Avg:  54.5  54.5  54.5  54.5  54.6
Saved Sat Pos: AZ =  17.66, EL =  54.50
+STATE: Sleeping
+$GPRMC,063139.000,A,2725.0009,S,15315.0011,E,0.00,114.49,260926,,,D*70
+POS:  17.7  55.8 -22.8 3022 11.93 166EN TRACKSAT
+BST:  17.5  54.5  -5.1
RF: AGC=60982
+POS:  17.7  55.8 -22.8 2980 11.89 166EN TRACKSAT
+BST:  17.5  54.5  -5.0
TEMP =  54.5 deg C
+POS:  17.7  55.8 -22.8 2970 11.86 166EN TRACKSAT
+BST:  17.5  54.5  -5.0
New Gyro Bias: AZ = 1360.77 EL = 1355.52
Drift OR = 6.4708e-02 AzCorr 4.7225e-03 ElCorr 5.8237e-02
RF: AGC=60972
+POS:  17.7  55.8 -22.8 2976 11.91 166EN TRACKSAT
+BST:  17.5  54.5  -5.0
+VOLTAGE,1,ANT 32  VDC,32.4
+POS:  17.7  55.8 -22.8 2930 11.85 166EN TRACKSAT
+BST:  17.5  54.5  -5.0
RF: AGC=60974
Avg:  54.5  54.5  54.5  54.5  54.5
Saved Sat Pos: AZ =  17.66, EL =  54.48
+$GPRMC,063154.000,A,2725.0009,S,15315.0011,E,0.00,114.49,260926,,,D*7B
+POS:  17.7  55.8 -22.8 2980 11.93 166EN TRACKSAT
+BST:  17.5  54.4  -5.0
RF: AGC=60969
+POS:  17.7  55.8 -22.8 2912 11.89 166EN TRACKSAT
+BST:  17.5  54.5  -4.8
+AZOFFSET, 0.00,V
+POS:  17.7  55.8 -22.8 2920 11.91 166EN TRACKSAT
+BST:  17.5  54.5  -5.0
RF: AGC=60997
+POS:  17.7  55.8 -22.8 2952 11.91 166EN TRACKSAT
+BST:  17.5  54.5  -5.0
+POS:  17.7  55.8 -22.8 2930 11.89 166EN TRACKSAT
+BST:  17.5  54.5  -4.9
RF: AGC=60961
Avg:  54.5  54.5  54.5  54.5  54.5
Saved Sat Pos: AZ =  17.66, EL =  54.48
Operational Hours = 17693.5
+POS:  17.7  55.8 -22.8 2890 11.92 166EN TRACKSAT
+BST:  17.5  54.5  -5.0
+$GPRMC,063209.000,A,2725.0009,S,15315.0012,E,0.00,114.49,260926,,,D*73
+POS:  17.7  55.8 -22.8 2918 11.92 166EN TRACKSAT
+BST:  17.5  54.5  -5.0
RF: AGC=60990
+POS:  17.7  55.8 -22.8 2894 11.90 166EN TRACKSAT
+BST:  17.5  54.5  -4.9
New Gyro Bias: AZ = 1360.81 EL = 1355.58
Drift OR = 7.3465e-02 AzCorr 3.8161e-02 ElCorr 6.6119e-02
RF: AGC=60961
+POS:  17.7  55.8 -22.8 2852 11.91 166EN TRACKSAT
+BST:  17.5  54.5  -4.9
+STATUS: 00000000 00000000
+POS:  17.7  55.8 -22.8 2882 11.92 166EN TRACKSAT
+BST:  17.5  54.5  -4.8
RF: AGC=60962
Avg:  54.5  54.5  54.5  54.5  54.5
Saved Sat Pos: AZ =  17.66, EL =  54.48
+POS:  17.7  55.8 -22.8 2832 11.86 166EN TRACKSAT
+BST:  17.5  54.5  -5.0
+$GPRMC,063224.000,A,2725.0012,S,15315.0013,E,0.00,114.49,260926,,,D*77
+POS:  17.7  55.8 -22.8 2810 11.89 166EN TRACKSAT
+BST:  17.5  54.5  -4.9
RF: AGC=60983
+POS:  17.7  55.8 -22.8 2800 11.89 166EN TRACKSAT
+BST:  17.5  54.4  -4.9
RF: AGC=60996
+POS:  17.7  55.8 -22.8 2792 11.97 166EN TRACKSAT
+BST:  17.5  54.5  -5.0
+POS:  17.7  55.8 -22.8 2828 11.90 166EN TRACKSAT
+BST:  17.5  54.5  -4.9
RF: AGC=60967
Avg:  54.5  54.5  54.5  54.5  54.5
Saved Sat Pos: AZ =  17.66, EL =  54.49
+STATE: Sleeping
+POS:  17.7  55.8 -22.8 2786 11.89 166EN TRACKSAT
+BST:  17.5  54.5  -4.8
+$GPRMC,063239.000,A,2725.0013,S,15315.0013,E,0.00,114.49,260926,,,D*7A
+POS:  17.7  55.8 -22.8 2766 11.94 166EN TRACKSAT
+BST:  17.5  54.5  -4.8
RF: AGC=60989
+POS:  17.7  55.8 -22.8 2784 11.85 166EN TRACKSAT
+BST:  17.5  54.6  -5.0
New Gyro Bias: AZ = 1360.82 EL = 1355.57
Drift OR = 1.4863e-02 AzCorr 1.3377e-02 ElCorr -1.1690e-02
+POS:  17.7  55.8 -22.8 2788 11.88 166EN TRACKSAT
+BST:  17.5  54.5  -4.8
RF: AGC=60958
+VOLTAGE,2,ANT 8   VDC,8.1 
+POS:  17.7  55.8 -22.8 2786 11.97 166EN TRACKSAT
+BST:  17.5  54.5  -5.0
RF: AGC=60991
Avg:  54.5  54.5  54.5  54.5  54.5
Saved Sat Pos: AZ =  17.66, EL =  54.49
+POS:  17.7  55.8 -22.8 2718 11.87 166EN TRACKSAT
+BST:  17.5  54.4  -4.8
+$GPRMC,063254.000,A,2725.0013,S,15315.0013,E,0.00,114.49,260926,,,A*74
+POS:  17.7  55.8 -22.8 2714 11.88 166EN TRACKSAT
+BST:  17.5  54.5  -4.9
RF: AGC=60983
+AZOFFSET, 0.00,V
+POS:  17.7  55.8 -22.8 2730 11.90 166EN TRACKSAT
+BST:  17.5  54.5  -4.8
+POS:  17.7  55.8 -22.8 2728 11.92 166EN TRACKSAT
+BST:  17.5  54.5  -4.9
RF: AGC=60990
+POS:  17.7  55.8 -22.8 2698 11.93 166EN TRACKSAT
+BST:  17.5  54.5  -4.9
Avg:  54.5  54.5  54.5  54.5  54.5
Saved Sat Pos: AZ =  17.66, EL =  54.50
RF: AGC=60990
+POS:  17.7  55.8 -22.8 2702 11.92 166EN TRACKSAT
+BST:  17.5  54.5  -4.9
+$GPRMC,063309.000,A,2725.0013,S,15315.0013,E,0.00,114.49,260926,,,A*7D
+POS:  17.7  55.8 -22.8 2650 11.89 166EN TRACKSAT
+BST:  17.5  54.5  -5.0
RF: AGC=60975
+POS:  17.7  55.8 -22.8 2680 11.95 166EN TRACKSAT
+BST:  17.5  54.5  -4.8
+POS:  17.7  55.8 -22.8 2672 11.93 166EN TRACKSAT
+BST:  17.5  54.5  -4.7
New Gyro Bias: AZ = 1360.82 EL = 1355.59
Drift OR = 2.4237e-02 AzCorr -7.1063e-04 ElCorr 2.1814e-02
+STATUS: 00000000 00000000
RF: AGC=60975
+POS:  17.7  55.8 -22.8 2648 11.85 166EN TRACKSAT
+BST:  17.5  54.6  -5.0
Avg:  54.5  54.5  54.5  54.5  54.5
Saved Sat Pos: AZ =  17.66, EL =  54.51
+POS:  17.7  55.8 -22.8 2612 11.88 166EN TRACKSAT
+BST:  17.5  54.4  -4.8
RF: AGC=60972
+$GPRMC,063324.000,A,2725.0012,S,15315.0012,E,0.00,114.49,260926,,,A*72
+POS:  17.7  55.8 -22.8 2592 11.89 166EN TRACKSAT
+BST:  17.5  54.5  -4.7
RF: AGC=60976
+POS:  17.7  55.8 -22.8 2584 11.89 166EN TRACKSAT
+BST:  17.5  54.5  -4.8
+POS:  17.7  55.8 -22.8 2604 11.93 166EN TRACKSAT
+BST:  17.5  54.5  -4.8
RF: AGC=60992
+POS:  17.7  55.8 -22.8 2552 11.88 166EN TRACKSAT
+BST:  17.5  54.5  -4.7
Avg:  54.5  54.5  54.5  54.5  54.5
Saved Sat Pos: AZ =  17.66, EL =  54.51
+STATE: Sleeping
+POS:  17.7  55.8 -22.8 2594 11.89 166EN TRACKSAT
+BST:  17.5  54.5  -4.9
RF: AGC=60990
+$GPRMC,063339.000,A,2725.0012,S,15315.0012,E,0.00,114.49,260926,,,A*7E
+POS:  17.7  55.8 -22.8 2542 11.89 166EN TRACKSAT
+BST:  17.5  54.5  -4.8
RF: AGC=60984
+POS:  17.7  55.8 -22.8 2582 11.86 166EN TRACKSAT
+BST:  17.5  54.6  -4.9
+POS:  17.7  55.8 -22.8 2586 11.91 166EN TRACKSAT
+BST:  17.5  54.5  -4.7
+VOLTAGE,3,ANT 5   VDC,5.0 
New Gyro Bias: AZ = 1360.85 EL = 1355.64
Drift OR = 5.3132e-02 AzCorr 3.0672e-02 ElCorr 4.7819e-02
RF: AGC=60976
+POS:  17.7  55.8 -22.8 2598 11.92 166EN TRACKSAT
+BST:  17.5  54.5  -4.7
Avg:  54.5  54.5  54.5  54.5  54.5
Saved Sat Pos: AZ =  17.66, EL =  54.52
+POS:  17.7  55.8 -22.8 2580 11.90 166EN TRACKSAT
+BST:  17.5  54.5  -4.7
RF: AGC=60968
+$GPRMC,063354.000,A,2725.0012,S,15315.0012,E,0.00,114.49,260926,,,A*75
+POS:  17.7  55.8 -22.8 2562 11.95 166EN TRACKSAT
+BST:  17.5  54.6  -4.7
+AZOFFSET, 0.00,V
+POS:  17.7  55.8 -22.8 2566 11.92 166EN TRACKSAT
+BST:  17.5  54.6  -4.9
RF: AGC=60990
+POS:  17.7  55.8 -22.8 2532 11.90 166EN TRACKSAT
+BST:  17.5  54.5  -4.9
RF: AGC=60992
+POS:  17.7  55.8 -22.8 2566 11.89 166EN TRACKSAT
+BST:  17.5  54.6  -4.7
Avg:  54.5  54.5  54.5  54.5  54.5
Saved Sat Pos: AZ =  17.66, EL =  54.53
Operational Hours = 17693.5
+POS:  17.7  55.8 -22.8 2526 11.90 166EN TRACKSAT
+BST:  17.5  54.5  -4.8
RF: AGC=60992
+POS:  17.7  55.8 -22.8 2562 11.89 166EN TRACKSAT
+BST:  17.5  54.5  -4.9
+$GPRMC,063409.000,A,2725.0011,S,15315.0011,E,0.00,114.49,260926,,,A*7A
+POS:  17.7  55.8 -22.8 2554 11.93 166EN TRACKSAT
+BST:  17.5  54.5  -4.7
RF: AGC=60964
=>VERSION
+POS:  17.7  55.8 -22.8 2554 11.92 166EN TRACKSAT
+BST:  17.5  54.6  -4.9
+KVH TracVision TV6 Rev J - Version 2.50 - Serial Number 000000000 - SystemID TV6SK
+STATUS: 00000000 00000000
New Gyro Bias: AZ = 1360.87 EL = 1355.63
Drift OR = 1.3967e-02 AzCorr 1.2570e-02 ElCorr -9.5624e-03
RF: AGC=60959
+POS:  17.7  55.8 -22.8 2534 11.88 166EN TRACKSAT
+BST:  17.5  54.5  -4.7
Avg:  54.5  54.5  54.5  54.5  54.6
Saved Sat Pos: AZ =  17.66, EL =  54.54
+POS:  17.7  55.8 -22.8 2508 11.95 166EN TRACKSAT
+BST:  17.5  54.6  -4.7
RF: AGC=60988
+POS:  17.7  55.8 -22.8 2530 11.88 166EN TRACKSAT
+BST:  17.5  54.5  -4.6
+$GPRMC,063424.000,A,2725.0011,S,15315.0011,E,0.00,114.49,260926,,,A*75
+POS:  17.7  55.8 -22.8 2524 11.86 166EN TRACKSAT
+BST:  17.5  54.6  -4.7
RF: AGC=60987
+POS:  17.7  55.8 -22.8 2558 11.84 166EN TRACKSAT
+BST:  17.5  54.5  -4.8
SAT,166EN,V,L
=>SAT,166EN,V,L
=>STATE
+SAT,166EN,V,L
>STATE: Sleeping
+RF: S,166EN,V,L,V
+*** Entering Tracking ***
Sleep=>CONSCAN: RF below stop threshold.
+POS:  17.5  55.7 -22.8  826  0.00 166EN TRACKSAT
+BST:  17.4  54.6  -4.4
RF: AGC=60205
+STATE: Tracking
+STATE: Tracking
+POS:  16.5  55.8 -22.8  500  0.00 166EN TRACKSAT
+BST:  16.3  54.8  -4.6
RF: AGC=60097
+POS:  16.6  56.0 -22.8  500  0.00 166EN TRACKSAT
+BST:  16.5  54.8  -4.8
+*** Entering Track Sat Lost ***
Start Search: AZ =  17.06, EL =  55.38, SKEW = -22.80, RF =  500
+$GPRMC,063439.000,A,2725.0011,S,15315.0011,E,0.00,114.49,260926,,,A*79
RF: AGCOFF
+STATE: Searching
+POS:  15.9  56.0 -22.8  500  0.00 166EN TRKSATLOST
+BST:  15.8  54.9  -4.8
SAT,166EN,H,L
=>SAT,166EN,H,L
=>STATE
+SAT,166EN,H,L
>STATE: Searching
+RF: S,166EN,H,L,V
Satellite Found: AZ =  18.4, EL =  55.4, RF = 2554
RF: Normalize ~ First HW Lock
RF: Power: 60942
+POS:  18.5  55.4 -22.8 2598 11.60 166EN ACQTOTRK
+BST:  18.5  54.3  -4.7
bSearchMovesComplete: AZ =  18.80, EL =  55.43 SKEW = -22.80
+*** Entering Tracking ***
+VOLTAGE,4,ANT LNB VDC,18.1
+POS:  18.5  55.9 -22.8 2578 11.16 166EN ACQTOTRK
+BST:  18.3  54.6  -4.7
+POS:  18.1  56.1 -22.8 2574 11.55 166EN ACQTOTRK
+BST:  17.9  54.9  -4.7
+POS:  18.0  56.1 -22.8 2574 11.62 166EN ACQTOTRK
+BST:  17.7  55.1  -4.9
+$GPRMC,063454.000,A,2725.0011,S,15315.0010,E,0.00,114.49,260926,,,A*73
+AZOFFSET, 0.00,V
*** Network ID Check ***
RF: CHECKID
+POS:  17.4  56.0 -22.8 2584 11.87 166EN WAITIDCHECK
+BST:  17.3  54.9  -4.7
RF: Y,Ignore ID,0x0001
Avg:  54.5  54.5  54.5  54.5  54.6
RF: I,1,60984,11.74,2612,1
RF: FREQ,166EN,12606,30000,5/6,0XFFFE,QDVB,H,L,10700
+POS:  18.0  55.7 -22.8 2604 11.77 166EN TRACKSAT
+*** Tracking 166EN ***
+BST:  17.9  54.6  -4.8
+STATE: Tracking
+POS:  17.3  56.0 -22.8 2596 11.82 166EN TRACKSAT
+BST:  17.1  54.9  -4.8
+POS:  17.7  55.6 -22.8 2588 11.75 166EN TRACKSAT
+BST:  17.7  54.5  -4.7
+POS:  17.4  56.2 -22.8 2576 11.59 166EN TRACKSAT
+BST:  17.3  55.1  -4.7
+$GPRMC,063509.000,A,2725.0011,S,15315.0010,E,0.00,114.49,260926,,,A*7A
+POS:  17.6  55.5 -22.8 2546 11.65 166EN TRACKSAT
+BST:  17.5  54.6  -4.6
Avg:  54.5  54.8  54.5  54.5  54.6
Saved Sat Pos: AZ =  17.76, EL =  54.58
+POS:  17.5  56.2 -22.8 2524 11.75 166EN TRACKSAT
+BST:  17.3  55.0  -4.6
+STATUS: 00000000 00000000
+POS:  17.4  55.5 -22.8 2584 11.79 166EN TRACKSAT
+BST:  17.4  54.5  -4.5
+POS:  17.7  56.0 -22.8 2586 11.82 166EN TRACKSAT
+BST:  17.6  55.0  -4.7
+POS:  17.3  55.5 -22.8 2538 11.75 166EN TRACKSAT
+BST:  17.2  54.5  -4.8
+$GPRMC,063524.000,A,2725.0010,S,15315.0010,E,0.00,114.49,260926,,,A*74
+POS:  17.8  56.0 -22.8 2542 11.79 166EN TRACKSAT
+BST:  17.7  54.8  -4.9
Avg:  54.5  54.8  54.8  54.5  54.6
Saved Sat Pos: AZ =  17.52, EL =  54.63
+POS:  17.2  55.7 -22.8 2578 11.83 166EN TRACKSAT
+BST:  17.1  54.7  -4.8
Gyro Bias Residue: AZ = 4.7536e-02 EL = 3.0909e-02
Old Gyro Bias: AZ = 1360.87 EL = 1355.63
New Gyro Bias: AZ = 1360.82 EL = 1355.60
+POS:  17.8  55.9 -22.8 2532 11.83 166EN TRACKSAT
+BST:  17.7  54.8  -4.8
+STATE: Tracking
+POS:  17.2  55.9 -22.8 2550 11.72 166EN TRACKSAT
+BST:  17.0  54.9  -4.7
+POS:  17.9  55.7 -22.8 2524 11.71 166EN TRACKSAT
+BST:  17.8  54.6  -4.7
+$GPRMC,063539.000,A,2725.0010,S,15315.0009,E,0.00,114.49,260926,,,A*70
+POS:  17.3  56.0 -22.8 2554 11.80 166EN TRACKSAT
+BST:  17.2  55.0  -4.7
Avg:  54.5  54.8  54.8  54.8  54.6
Saved Sat Pos: AZ =  17.32, EL =  54.69
+POS:  17.9  55.6 -22.8 2544 11.74 166EN TRACKSAT
+BST:  17.8  54.8  -4.6
+VOLTAGE,0,ANT 42  VDC,39.4
+POS:  17.4  56.1 -22.8 2514 11.70 166EN TRACKSAT
+BST:  17.2  54.9  -4.9
+POS:  17.8  55.5 -22.8 2576 11.72 166EN TRACKSAT
+BST:  17.7  54.5  -4.7
+POS:  17.6  56.1 -22.8 2574 11.76 166EN TRACKSAT
+BST:  17.4  55.1  -4.8
+AZOFFSET, 0.00,V
+$GPRMC,063554.000,A,2725.0010,S,15315.0009,E,0.00,114.49,260926,,,A*7B
+POS:  17.6  55.5 -22.8 2546 11.70 166EN TRACKSAT
+BST:  17.5  54.4  -4.8
Avg:  54.5  54.8  54.8  54.8  54.8
Saved Sat Pos: AZ =  17.84, EL =  54.73
+POS:  17.6  56.1 -22.8 2524 11.75 166EN TRACKSAT
+BST:  17.5  55.1  -4.8
Gyro Bias Residue: AZ = 3.7495e-02 EL = -6.8652e-02
Old Gyro Bias: AZ = 1360.82 EL = 1355.60
New Gyro Bias: AZ = 1360.78 EL = 1355.67
+POS:  17.4  55.5 -22.8 2550 11.78 166EN TRACKSAT
+BST:  17.3  54.6  -4.6
RF: AGCON
Operational Hours = 17693.5
RF: AGC=60987
+POS:  17.7  56.0 -22.8 2564 11.81 166EN TRACKSAT
+BST:  17.6  55.1  -4.8
+POS:  17.3  55.6 -22.8 2578 11.78 166EN TRACKSAT
+BST:  17.2  54.7  -4.6
Conscan=>sleep: sat in 1 deg window.
Boresight AZ   17.54, EL   55.83
RF: AGC=60992
+Sleeping
+POS:  17.5  55.8 -22.8 2532 11.92 166EN TRACKSAT
+BST:  17.4  54.8  -4.7
+$GPRMC,063609.000,A,2725.0010,S,15315.0009,E,0.00,114.49,260926,,,D*75
Avg:  54.8  54.8  54.8  54.8  54.8
Saved Sat Pos: AZ =  17.54, EL =  54.80
+POS:  17.5  55.8 -22.8 2594 11.88 166EN TRACKSAT
+BST:  17.4  54.8  -4.7
+STATUS: 00000000 00000000
RF: AGC=60988
+POS:  17.5  55.8 -22.8 2534 11.89 166EN TRACKSAT
+BST:  17.4  54.8  -4.7
RF: AGC=60980
+POS:  17.5  55.8 -22.8 2544 11.93 166EN TRACKSAT
+BST:  17.4  54.8  -4.6
+POS:  17.5  55.8 -22.8 2506 11.91 166EN TRACKSAT
+BST:  17.4  54.8  -4.7
RF: AGC=60992
+POS:  17.5  55.8 -22.8 2572 11.91 166EN TRACKSAT
+BST:  17.4  54.7  -4.7
+$GPRMC,063624.000,A,2725.0010,S,15315.0009,E,0.00,114.49,260926,,,A*7F
Avg:  54.8  54.8  54.8  54.8  54.8
Saved Sat Pos: AZ =  17.54, EL =  54.80
+POS:  17.5  55.8 -22.8 2558 11.87 166EN TRACKSAT
+BST:  17.4  54.8  -4.8
New Gyro Bias: AZ = 1360.87 EL = 1355.71
Drift OR = 1.0131e-01 AzCorr 9.1180e-02 ElCorr 3.9713e-02
RF: AGC=60990
Sleep SNR Wakeup Limits: Lo 10.39, Hi 13.39
Sleep: will now detect window exit.
+POS:  17.5  55.8 -22.8 2554 11.84 166EN TRACKSAT
+BST:  17.4  54.8  -4.8
+STATE: Sleeping
+STATE: Sleeping
+POS:  17.5  55.8 -22.8 2518 11.86 166EN TRACKSAT
+BST:  17.4  54.8  -4.7
RF: AGC=60971
+POS:  17.5  55.8 -22.8 2538 11.91 166EN TRACKSAT
+BST:  17.4  54.8  -4.8
TEMP =  53.9 deg C
RF: AGC=60996
+POS:  17.5  55.8 -22.8 2514 11.87 166EN TRACKSAT
+BST:  17.4  54.8  -4.7
+$GPRMC,063639.000,A,2725.0010,S,15315.0009,E,0.00,114.49,260926,,,D*76
Avg:  54.8  54.8  54.8  54.8  54.8
Saved Sat Pos: AZ =  17.54, EL =  54.80
+POS:  17.5  55.8 -22.8 2568 11.92 166EN TRACKSAT
+BST:  17.4  54.7  -4.7
+VOLTAGE,1,ANT 32  VDC,32.4
RF: AGC=60975
+POS:  17.5  55.8 -22.8 2508 11.90 166EN TRACKSAT
+BST:  17.4  54.8  -4.8
+POS:  17.5  55.8 -22.8 2556 11.90 166EN TRACKSAT
+BST:  17.4  54.7  -4.8
RF: AGC=60996
+POS:  17.5  55.8 -22.8 2566 11.91 166EN TRACKSAT
+BST:  17.4  54.6  -4.8
+AZOFFSET, 0.00,V
RF: AGC=60986
+POS:  17.5  55.8 -22.8 2536 11.91 166EN TRACKSAT
+BST:  17.4  54.6  -4.8
+$GPRMC,063654.000,A,2725.0010,S,15315.0009,E,0.00,114.49,260926,,,D*7D
Avg:  54.8  54.8  54.8  54.7  54.8
Saved Sat Pos: AZ =  17.54, EL =  54.77
+POS:  17.5  55.8 -22.8 2520 11.90 166EN TRACKSAT
+BST:  17.4  54.6  -4.7
New Gyro Bias: AZ = 1360.89 EL = 1355.72
Drift OR = 1.4812e-02 AzCorr 1.3331e-02 ElCorr 6.4899e-03
RF: AGC=60993
+POS:  17.5  55.8 -22.8 2558 11.91 166EN TRACKSAT
+BST:  17.4  54.6  -4.7
+POS:  17.5  55.8 -22.8 2518 11.99 166EN TRACKSAT
+BST:  17.4  54.6  -4.7
RF: AGC=60981
+POS:  17.5  55.8 -22.8 2540 11.91 166EN TRACKSAT
+BST:  17.4  54.7  -4.7
+POS:  17.5  55.8 -22.8 2572 11.90 166EN TRACKSAT
+BST:  17.4  54.5  -4.7
RF: AGC=60987
+$GPRMC,063709.000,A,2725.0010,S,15315.0009,E,0.00,114.49,260926,,,A*71
Avg:  54.8  54.8  54.8  54.7  54.6
Saved Sat Pos: AZ =  17.54, EL =  54.73
+POS:  17.5  55.8 -22.8 2574 11.82 166EN TRACKSAT
+BST:  17.4  54.7  -4.8
+STATUS: 00000000 00000000
RF: AGC=60996
+POS:  17.5  55.8 -22.8 2506 11.90 166EN TRACKSAT
+BST:  17.4  54.5  -4.9
+POS:  17.5  55.8 -22.8 2562 11.90 166EN TRACKSAT
+BST:  17.4  54.6  -4.8
RF: AGC=60992
+POS:  17.5  55.8 -22.8 2526 11.90 166EN TRACKSAT
+BST:  17.4  54.7  -4.8
+POS:  17.5  55.8 -22.8 2568 11.89 166EN TRACKSAT
+BST:  17.4  54.6  -4.6
RF: AGC=60995
+$GPRMC,063724.000,A,2725.0010,S,15315.0009,E,0.00,114.49,260926,,,A*7E
Avg:  54.6  54.8  54.8  54.7  54.6
Saved Sat Pos: AZ =  17.54, EL =  54.69
+POS:  17.5  55.8 -22.8 2582 11.95 166EN TRACKSAT
+BST:  17.4  54.6  -4.7
New Gyro Bias: AZ = 1360.87 EL = 1355.73
Drift OR = 1.7409e-02 AzCorr -1.5668e-02 ElCorr 1.1070e-02
RF: AGC=60970
+POS:  17.5  55.8 -22.8 2576 11.90 166EN TRACKSAT
+BST:  17.4  54.6  -4.8
+STATE: Sleeping
+POS:  17.5  55.8 -22.8 2530 11.95 166EN TRACKSAT
+BST:  17.4  54.6  -4.8
RF: AGC=60998
+POS:  17.5  55.8 -22.8 2534 11.88 166EN TRACKSAT
+BST:  17.4  54.6  -4.7
+POS:  17.5  55.8 -22.8 2532 11.90 166EN TRACKSAT
+BST:  17.4  54.6  -4.7
RF: AGC=60994
+$GPRMC,063739.000,A,2725.0010,S,15315.0008,E,0.00,114.49,260926,,,A*73
Avg:  54.6  54.6  54.8  54.7  54.6
Saved Sat Pos: AZ =  17.54, EL =  54.65
+POS:  17.5  55.8 -22.8 2522 11.90 166EN TRACKSAT
+BST:  17.4  54.5  -4.8
+VOLTAGE,2,ANT 8   VDC,8.1 
+POS:  17.5  55.8 -22.8 2518 11.91 166EN TRACKSAT
+BST:  17.4  54.6  -4.9
