TV-HUB Maintenance port connection
Avg:  57.9  57.9  57.9  57.9  57.9
AGC Saved  61301, Threshold  60301, SNR 12.08
RF: I,1,61301,12.23,3162,1
Saved Sat Pos: AZ = 357.80, EL =  57.92
+POS: 357.9  58.7  39.8 3124 12.10 USER6I TRACKSAT
+BST: 357.9  58.1  -4.9
Gyro Bias Residue: AZ = 9.2409e-03 EL = -2.3841e-02
Old Gyro Bias: AZ = 1361.59 EL = 1355.49
New Gyro Bias: AZ = 1361.58 EL = 1355.52
+POS: 358.1  58.1  39.8 3106 12.06 USER6I TRACKSAT
+BST: 358.1  57.7  -4.9
+POS: 358.0  58.7  39.8 3140 12.20 USER6I TRACKSAT
+BST: 358.0  58.2  -5.2
+$GPRMC,081207.000,A,2725.0004,S,15315.0000,E,0.00,114.49,260926,,,A*7A
+POS: 357.8  58.1  39.8 3120 12.16 USER6I TRACKSAT
+BST: 357.9  57.7  -4.8
+POS: 358.1  58.7  39.8 3118 12.14 USER6I TRACKSAT
+BST: 358.1  58.2  -4.8
Avg:  57.9  57.9  57.9  57.9  57.9
AGC Saved  61304, Threshold  60304, SNR 12.18
Saved Sat Pos: AZ = 358.32, EL =  57.91
RF: I,1,61304,12.18,3112,1
+POS: 357.8  58.1  39.8 3106 12.16 USER6I TRACKSAT
+BST: 357.8  57.8  -4.7
+STATUS: 00000000 00000000
=>SATCK,USER6I,F8
+SATCK,USER6I,F8
+POS: 358.3  58.6  39.8 3096 12.20 USER6I TRACKSAT
+BST: 358.2  58.1  -4.9
=>SAT
+SAT,USER6I,V,L
+POS: 357.7  58.3  39.8 3086 12.23 USER6I TRACKSAT
+BST: 357.7  57.8  -4.8
+$GPRMC,081222.000,A,2725.0004,S,15315.0000,E,0.00,114.49,260926,,,A*7D
=>SAT,USER6I,V,L
+POS: 358.3  58.4  39.8 3070 12.22 USER6I TRACKSAT
+BST: 358.3  57.7  -5.1
+POS: 357.6  58.4  39.8 3066 12.20 USER6I TRACKSAT
+BST: 357.6  58.0  -4.9
Avg:  57.9  57.9  57.9  57.9  57.9
AGC Saved  61285, Threshold  60285, SNR 12.14
Saved Sat Pos: AZ = 357.92, EL =  57.92
RF: I,1,61285,12.14,3018,1
+POS: 358.3  58.3  39.8 3054 12.20 USER6I TRACKSAT
+BST: 358.3  57.8  -4.9
Gyro Bias Residue: AZ = -3.2327e-02 EL = -1.6854e-02
Old Gyro Bias: AZ = 1361.58 EL = 1355.52
New Gyro Bias: AZ = 1361.61 EL = 1355.53
+POS: 357.7  58.6  39.8 3040 12.19 USER6I TRACKSAT
+BST: 357.7  58.1  -4.8
+POS: 358.3  58.2  39.8 3026 12.11 USER6I TRACKSAT
+BST: 358.3  57.6  -4.8
+STATE: Tracking
+$GPRMC,081237.000,A,2725.0004,S,15315.0000,E,0.00,114.49,260926,,,A*79
RF: AGCON
+POS: 357.8  58.7  39.8 2980 12.15 USER6I TRACKSAT
+BST: 357.8  58.3  -4.9
RF: AGC=61283
+POS: 358.1  58.1  39.8 2958 12.07 USER6I TRACKSAT
+BST: 358.2  57.6  -4.8
Boresight AZ  357.98, EL   58.42
Conscan=>sleep: sat in 1 deg window.
Avg:  57.9  57.9  57.9  57.9  57.9
AGC Saved  61309, Threshold  60309, SNR 12.29
Saved Sat Pos: AZ = 357.98, EL =  57.91
RF: I,1,61309,12.29,3008,1
+POS: 358.0  58.4  39.8 3040 12.27 USER6I TRACKSAT
+BST: 358.0  58.0  -4.9
+VOLTAGE,4,ANT LNB VDC,13.0
RF: AGC=61325
+Sleeping
+POS: 358.0  58.4  39.8 2990 12.22 USER6I TRACKSAT
+BST: 358.0  57.9  -4.9
+POS: 358.0  58.4  39.8 2970 12.25 USER6I TRACKSAT
+BST: 358.0  58.0  -4.8
RF: AGC=61307
+$GPRMC,081252.000,A,2725.0004,S,15315.0000,E,0.00,114.49,260926,,,A*7A
+POS: 358.0  58.4  39.8 2966 12.26 USER6I TRACKSAT
+BST: 358.0  57.8  -4.9
+AZOFFSET, 0.00,V
+POS: 358.0  58.4  39.8 2948 12.32 USER6I TRACKSAT
+BST: 358.0  58.0  -4.8
RF: AGC=61303
Avg:  57.9  57.9  57.9  57.9  57.9
AGC Saved  61326, Threshold  60326, SNR 12.35
RF: I,1,61326,12.36,2986,1
Saved Sat Pos: AZ = 358.00, EL =  57.91
+POS: 358.0  58.4  39.8 2938 12.25 USER6I TRACKSAT
+BST: 358.0  57.9  -4.9
RF: AGC=61304
+POS: 358.0  58.4  39.8 2924 12.34 USER6I TRACKSAT
+BST: 358.0  58.0  -5.0
=>SATCK,USER6I,FB
+SATCK,USER6I,F8
=>SATINSTALL,USER6I,166EN,USER2,USER6
+SATINSTALL,USER6I,166EN,USER2,USER6
=>SATSETUP,USER6I,156.00,-45.0
uiSatsToInstall,4
+SATSETUP,USER6I,156.00,-45.0
=>SATCONFIG,USER6I,0,12486,30000,2/3,0XFFFE,V,H,L8PSK
+SATCONFIG,USER6I,0,12486,30000,2/3,0XFFFE,V,H,L8PSK
=>SATCONFIG,USER6I,1,12517,30000,3/5,0XFFFE,H,H,L8PSK
+SATCONFIG,USER6I,1,12517,30000,3/5,0XFFFE,H,H,L8PSK
=>SATCONFIG,USER6I,2,12486,30000,2/3,0XFFFE,V,L,L8PSK
+SATCONFIG,USER6I,2,12486,30000,2/3,0XFFFE,V,L,L8PSK
=>SATCONFIG,USER6I,3,12517,30000,3/5,0XFFFE,H,L,L8PSK
+SATCONFIG,USER6I,3,12517,30000,3/5,0XFFFE,H,L,L8PSK
=>SATCONFIG,USER6I,99,FB
+SATCONFIG,USER6I,99,FB
=>SATSETUP,166EN,165.98,0.0
INSTALL_WAIT_CONFIG1
+POS: 358.0  58.4  39.8 2922 12.26 USER6I TRACKSAT
+SATSETUP,166EN,165.98,0.0
=>SATCONFIG,166EN,0,12549,04279,2/3,0XFFFE,V,H,L8PSK
+BST: 358.0  57.8  -4.7
+SATCONFIG,166EN,0,12549,04279,2/3,0XFFFE,V,H,L8PSK
=>SATCONFIG,166EN,1,12606,30000,5/6,0XFFFE,H,H,QDVB
+SATCONFIG,166EN,1,12606,30000,5/6,0XFFFE,H,H,QDVB
=>SATCONFIG,166EN,2,12549,04279,2/3,0XFFFE,V,L,L8PSK
Operational Hours = 17694.0
+SATCONFIG,166EN,2,12549,04279,2/3,0XFFFE,V,L,L8PSK
=>SATCONFIG,166EN,3,12606,30000,5/6,0XFFFE,H,L,QDVB
+SATCONFIG,166EN,3,12606,30000,5/6,0XFFFE,H,L,QDVB
=>SATCONFIG,166EN,99,EE
+SATCONFIG,166EN,99,EE
=>SATSETUP,USER2,172.00,0.0
INSTALL_WAIT_CONFIG1
+SATSETUP,USER2,172.00,0.0
=>SATCONFIG,USER2,0,00000,20000,3/4,0XFFFE,V,H,QDVB
+SATCONFIG,USER2,0,00000,20000,3/4,0XFFFE,V,H,QDVB
=>SATCONFIG,USER2,1,00000,20000,3/4,0XFFFE,V,H,QDVB
+SATCONFIG,USER2,1,00000,20000,3/4,0XFFFE,V,H,QDVB
=>SATCONFIG,USER2,2,12611,30000,3/4,0XFFFE,H,H,L8PSK
+SATCONFIG,USER2,2,12611,30000,3/4,0XFFFE,H,H,L8PSK
=>SATCONFIG,USER2,3,12611,30000,3/4,0XFFFE,H,H,L8PSK
+SATCONFIG,USER2,3,12611,30000,3/4,0XFFFE,H,H,L8PSK
=>SATCONFIG,USER2,99,BE
+SATCONFIG,USER2,99,BE
=>SATSETUP,USER6,122.00,0.0
INSTALL_WAIT_CONFIG1
+SATSETUP,USER6,122.00,0.0
=>SATCONFIG,USER6,0,12415,40000,7/8,0XFFFE,V,H,QDVB
+SATCONFIG,USER6,0,12415,40000,7/8,0XFFFE,V,H,QDVB
=>SATCONFIG,USER6,1,00000,20000,3/4,0XFFFE,H,H,QDVB
+SATCONFIG,USER6,1,00000,20000,3/4,0XFFFE,H,H,QDVB
=>SATCONFIG,USER6,2,00000,13000,3/5,0XFFFE,V,L,L8PSK
+SATCONFIG,USER6,2,00000,13000,3/5,0XFFFE,V,L,L8PSK
=>SATCONFIG,USER6,3,00000,20000,3/4,0XFFFE,H,L,QDVB
New Gyro Bias: AZ = 1361.64 EL = 1355.52
Drift OR = 3.1763e-02 AzCorr 2.8587e-02 ElCorr -1.3084e-02
+SATCONFIG,USER6,3,00000,20000,3/4,0XFFFE,H,L,QDVB
=>SATCONFIG,USER6,99,E4
Sleep SNR Wakeup Limits: Lo 10.77, Hi 13.77
+SATCONFIG,USER6,99,E4
EE Page Write 0 76 58 USER6I
Sleep: will now detect window exit.
+$GPRMC,081307.000,A,2725.0004,S,15315.0000,E,0.00,114.49,260926,,,A*7B
EE Page Write 1 76 58 166EN
EE Page Write 3 76 58 USER6
RF: SATINSTALL,USER6I,166EN,USER2,USER6
RF: SATCONFIG,USER6I,0,12486,30000,2/3,0XFFFE,V,H,L8PSK
RF: SATCONFIG,USER6I,1,12517,30000,3/5,0XFFFE,H,H,L8PSK
RF: SATCONFIG,USER6I,3,12517,30000,3/5,0XFFFE,H,L,L8PSK
EE Page Write 2 76 58 USER2
RF: SATCONFIG,166EN,0,12549,4279,2/3,0XFFFE,V,H,L8PSK
RF: SATCONFIG,166EN,1,12606,30000,5/6,0XFFFE,H,H,QDVB
RF: SATCONFIG,166EN,3,12606,30000,5/6,0XFFFE,H,L,QDVB
RF: SATCONFIG,166EN,2,12549,4279,2/3,0XFFFE,V,L,L8PSK
RF: SATCONFIG,USER2,0,0,20000,3/4,0XFFFE,V,H,QDVB
RF: SATCONFIG,USER2,1,0,20000,3/4,0XFFFE,V,H,QDVB
RF: SATCONFIG,USER2,3,12611,30000,3/4,0XFFFE,H,H,L8PSK
RF: SATCONFIG,USER2,2,12611,30000,3/4,0XFFFE,H,H,L8PSK
RF: SATCONFIG,USER6,0,12415,40000,7/8,0XFFFE,V,H,QDVB
RF: SATCONFIG,USER6,1,0,20000,3/4,0XFFFE,H,H,QDVB
RF: SATCONFIG,USER6,2,0,13000,3/5,0XFFFE,V,L,L8PSK
RF: SATCONFIG,USER6I,2,12486,30000,2/3,0XFFFE,V,L,L8PSK
RF: AGC=61323
+POS: 358.0  58.4  39.8 2902 12.31 USER6I TRACKSAT
+BST: 358.0  57.9  -4.8
+*** Entering Tracking ***
Sleep=>CONSCAN: RF below stop threshold.
RF: Sats Installed: 4
=>ZAP
RF: SATCONFIG,USER6,3,0,20000,3/4,0XFFFE,H,L,QDVB
+ZAP
+RF: S,USER6I,V,H,V
RF: Normalize ~ First HW Lock
RF: Power: 61303
=>STATE
+SystemID = 14 - TV6SK
+KVH TracVision TV6 Rev J - Version 2.50 - Serial Number 000000000 - SystemID TV6SK
>STATE: Boot
$GPRMC,081313.000,A,2725.0004,S,15315.0000,E,0.00,114.49,260926,,,A
=>STATE
>STATE: Boot
+*** Testing Power ***
V42
=>STATE
>STATE: Boot
ANT 42  VDC: OK; 41.7
ANT 42  VDC: OK; 41.7
ANT 32  VDC: OK; 32.5
ANT 8   VDC: OK;  8.1
ANT 5   VDC: OK;  5.0
ANT LNB VDC: OK;  8.1
EE STATUS 0 = 15 - OK
EE STATUS 1 = 15 - OK
+STATE: Boot
=>STATE
>STATE: Boot
=>STATE
>STATE: Boot
+Limit Switch Test
+MTRVER,C,2.00,04-0867
MTR: MOTOR TV6 REV C VER 2.00 SW 04-0867
+SKEWVER,C,2.00,04-0868
SKEW: SKEW TV6 REV C VER 2.00 SW 04-0868
SKEW Limit Switch Test started on TracVision TV6 with 19-0864 AUST DUA LNB 
=>STATE
>STATE: Initializing
+STATE: Initializing
RF: CHECKSUM: 0x0B4A
+RF: SM TVRO RF REV G VER 2.50 SW 04-0858
=>GPS
=>=SERNUM
=>HOURS
=>SIDELOBE
=>SLEEP
=>ANTLNB
=>SEARCHTIMEOUT
=>SAT
=>@FPGAVER
=>STATUS
=>HW
+GPS,2725.00,S,15315.00,E,A
>SN = 000000000
ANTLNB,19-0864 AUST DUA,L,13/18V,10700,N,ON,OFF,N,OFF
SEARCHTIMEOUT=ON 12 hour limit
+Operational Hours = 17694.0
+SIDELOBE = ON
+SLEEP=on
+SAT,USER6I,V,H
>STATUS: 00000000 00000000
Hardware Version 01
RF: AP Image Upload: Started
RF: AP Image Upload: Done
RF: Chip ID: 0x4515
RF: config_version: 0x25
RF: Chip Version: 0xb0
RF: AP Microcode Version: 0x6f
RF: numTuners: 1
RF: Flash ID 1f (Atmel) recognized!
RF: FPGA Version: 1
RF: Configuring FPGA
RF: BCM3445 Version: 0xe1
=>@FPGAVER
+VOLTAGE,0,ANT 42  VDC,38.9
=>@FPGAVER
+$GPRMC,081328.000,A,2725.0006,S,15314.9998,E,0.00,114.49,260926,,,A*74
=>@FPGAVER
=>STATE
=>@FPGAVER
>STATE: Initializing
=>@FPGAVER
=>STATE
=>@FPGAVER
>STATE: Initializing
+AZOFFSET, 0.00,V
=>@FPGAVER
=>@FPGAVER
=>STATE
=>@FPGAVER
>STATE: Initializing
+$GPRMC,081343.000,A,2725.0003,S,15315.0003,E,0.00,114.49,260926,,,A*7F
=>@FPGAVER
=>@FPGAVER
Operational Hours = 17694.0
=>STATE
=>@FPGAVER
>STATE: Initializing
=>@FPGAVER
=>STATE
=>@FPGAVER
RF: FPGA configured!
>STATE: Initializing
RF: LOAD,OK
+STATUS: 00000000 00000000
MTR 20  AZ 4652  EL 1194  SKS 20  SKW 0000
Limit Switch Status: PASS
+*** Initializing Rate Bias ***
RF: FPGAVER,1
+STATUS: 00000000 00000000
+$GPRMC,081358.000,A,2725.0003,S,15315.0003,E,0.00,114.49,260926,,,A*75
=>STATE
>STATE: Initializing
AzDiff:9.468750 = Computed:1361.468750 - FactCal:1352.000000
ElDiff:3.879639 = Computed:1355.879639 - FactCal:1352.000000
Estimate   : Az 1361.59  El 1355.49   48 deg C
TEMP =  48.3 deg C
Computed   : Az 1361.47  El 1355.88   48 deg C
Bias Fit Az =   -0.10, El =   -0.04 (Counts/degC)
Saved Cold : Az 1363.95  El 1358.10    4 deg C
AccelMinMax Roll    0.6, Pitch    0.7, AzBiasDelta   -0.1
Saved Warm : Az 1361.59  El 1355.49   48 deg C
+RATE BIAS: PASS
Saved Hot  : Az 1360.35  El 1354.99   60 deg C
Saved Last : Az 1361.59  El 1355.49   48 deg C
Factory Cal: Az 1352.00  El 1352.00   20 deg C
Using Computed Bias - Stationary
+*** Initializing Antenna ***
+GPS: USER6I AZ =   5.7, EL = 57.5, SKEW = 39.8
+GPS: USER2 AZ =  36.3, EL = 51.6, SKEW = -31.6
Computed   : Az 1361.47  El 1355.88   48 deg C
+GPS: UTC: 081403.000, Lat: 2725.00S, Long: 15315.00E
+GPS: 166EN AZ =  25.9, EL = 54.7, SKEW = -22.8
+GPS: USER6 AZ = 307.4, EL = 42.9, SKEW = 45.0
+*** Initializing RF Controller ***
=>STATE
>STATE: Initializing
RF: RF AntType: TV6
RF: HWTYPE,TV6
RF: LNB,13/18V,10700,N,ON,OFF,N,OFF
RF: Attenuator:  8
+RF: SM TVRO RF REV G VER 2.50 SW 04-0858
RF: SATINSTALL,USER6I,166EN,USER2,USER6
+$GPRMC,081413.000,A,2725.0003,S,15315.0003,E,0.07,114.49,260926,,,A*7A
RF: SATCONFIG,USER6I,0,12486,30000,2/3,0XFFFE,V,H,L8PSK
RF: SATCONFIG,USER6I,2,12486,30000,2/3,0XFFFE,V,L,L8PSK
RF: SATCONFIG,USER6I,1,12517,30000,3/5,0XFFFE,H,H,L8PSK
RF: SATCONFIG,166EN,0,12549,4279,2/3,0XFFFE,V,H,L8PSK
RF: SATCONFIG,166EN,1,12606,30000,5/6,0XFFFE,H,H,QDVB
RF: SATCONFIG,166EN,2,12549,4279,2/3,0XFFFE,V,L,L8PSK
RF: SATCONFIG,166EN,3,12606,30000,5/6,0XFFFE,H,L,QDVB
RF: SATCONFIG,USER2,0,00000,20000,3/4,0XFFFE,V,H,QDVB
RF: SATCONFIG,USER2,1,00000,20000,3/4,0XFFFE,V,H,QDVB
RF: SATCONFIG,USER6I,3,12517,30000,3/5,0XFFFE,H,L,L8PSK
RF: SATCONFIG,USER2,2,12611,30000,3/4,0XFFFE,H,H,L8PSK
RF: SATCONFIG,USER2,3,12611,30000,3/4,0XFFFE,H,H,L8PSK
RF: SATCONFIG,USER6,0,12415,40000,7/8,0XFFFE,V,H,QDVB
RF: SATCONFIG,USER6,1,00000,20000,3/4,0XFFFE,H,H,QDVB
RF: SATCONFIG,USER6,2,00000,13000,3/5,0XFFFE,V,L,L8PSK
RF: SATCONFIG,USER6,3,00000,20000,3/4,0XFFFE,H,L,QDVB
+RF: S,USER6I,V,H,V
+RF COMM: PASS
EE STATUS 0 = 15 - OK
EE STATUS 1 = 15 - OK
Current : X 1351.30  Y 1361.16  Z 1368.33   48 deg C
+STATE: Searching
+STATE: Searching
AZDist -174.30, ELDist  3.29
+*** Entering Search Mode 0 ***
Searching for USER6I, Threshold = 800
+POS: 127.9  62.7  39.8  500  0.00 USER6I SEARCH0
+BST: 126.2  60.1  -4.6
=>SATINSTALL
+SATINSTALL,USER6I,166EN,USER2,USER6
=>SATCK,USER6I,FB
+SATCK,USER6I,FB
+POS:   9.9  64.5  39.8  500  0.00 USER6I SEARCH0
+BST:   9.2  64.2  -4.8
TEMP =  48.4 deg C
bSearchMovesComplete: AZ =   4.70, EL =  64.60 SKEW =  39.82
RF: SDOFF
Start Search: AZ =   4.70, EL =  64.60, SKEW =  39.82, RF =  500
=>SATCK,166EN,EE
+SATCK,166EN,EE
+POS:   5.1  64.7  39.8  500  0.00 USER6I SEARCH0
+BST:   5.1  64.1  -5.5
=>SATCK,USER2,BE
+SATCK,USER2,BE
+VOLTAGE,1,ANT 32  VDC,32.3
=>SATCK,USER6,E4
+SATCK,USER6,E4
+POS:   4.4  63.6  39.8  500  0.00 USER6I SEARCH0
+BST:   4.4  63.0  -5.2
+$GPRMC,081428.000,A,2725.0003,S,15315.0008,E,0.00,114.49,260926,,,A*7E
=>SAT
+SAT,USER6I,V,H
=>SAT,USER6I,V,L
+SAT,USER6I,V,L
+RF: S,USER6I,V,L,V
+POS:   3.0  65.1  39.8  500  0.00 USER6I SEARCH0
+BST:   2.9  64.7  -5.8
+POS:   6.0  66.3  39.8  500  0.00 USER6I SEARCH0
+BST:   5.8  65.7  -6.0
+AZOFFSET, 0.00,V
+POS:   7.2  62.4  39.8  500  0.00 USER6I SEARCH0
+BST:   7.3  61.7  -5.3
+POS:   1.9  61.6  39.8  500  0.00 USER6I SEARCH0
+BST:   2.0  61.2  -5.1
+POS:   2.0  67.3  39.8  500  0.00 USER6I SEARCH0
+BST:   1.8  66.9  -6.3
+$GPRMC,081443.000,A,2725.0003,S,15315.0010,E,0.06,114.49,260926,,,A*7C
+POS:   9.2  66.4  39.8  500  0.00 USER6I SEARCH0
+BST:   9.0  65.4  -6.0
+POS:   7.4  58.9  39.8  500  0.00 USER6I SEARCH0
+BST:   7.6  58.4  -4.7
+POS: 358.9  61.3  39.8  500  0.00 USER6I SEARCH0
+BST: 359.1  61.2  -5.2
Satellite Found: AZ =   0.6, EL =  59.0, RF = 2554
RF: Normalize ~ First HW Lock
RF: Power: 60919
bSearchMovesComplete: AZ =   0.80, EL =  58.96 SKEW =  39.82
+*** Entering Tracking ***
+POS:   0.7  59.0  39.8 2492  8.48 USER6I ACQTOTRK
+BST:   0.7  58.6  -4.9
+STATUS: 00000000 00000000
+POS: 359.9  58.9  39.8 2676  9.80 USER6I ACQTOTRK
+BST: 359.9  58.4  -4.8
+$GPRMC,081458.000,A,2725.0003,S,15315.0010,E,0.00,114.49,260926,,,A*70
+POS: 358.5  58.7  39.8 3280 12.01 USER6I ACQTOTRK
+BST: 358.4  58.1  -4.9
+POS: 358.3  58.6  39.8 3310 12.14 USER6I ACQTOTRK
+BST: 358.3  58.0  -5.1
*** Network ID Check ***
RF: CHECKID
+POS: 358.1  58.2  39.8 3294 12.20 USER6I WAITIDCHECK
+BST: 358.2  57.6  -4.8
RF: Y,Ignore ID,0x0FFF
RF: I,1,61310,12.24,3302,1
RF: FREQ,USER6I,12486,30000,2/3,0XFFFE,L8PSK,V,L,10700
RF: I,1,61303,12.19,3284,1
Current  61303, Saved      0, Threshold      0, SNR 12.19
Main Beam
+*** Tracking USER6I ***
+POS: 357.5  58.6  39.8 3254 12.17 USER6I TRACKSAT
+BST: 357.5  58.0  -4.8
+STATE: Tracking
+POS: 358.0  58.0  39.8 3226 12.02 USER6I TRACKSAT
+BST: 358.0  57.5  -5.0
+$GPRMC,081513.000,A,2725.0003,S,15315.0010,E,0.00,114.49,260926,,,A*7E
+POS: 357.7  58.7  39.8 3232 12.17 USER6I TRACKSAT
+BST: 357.6  58.2  -4.8
+STATE: Tracking
+POS: 357.8  58.0  39.8 3200 12.10 USER6I TRACKSAT
+BST: 357.9  57.6  -5.0
+POS: 357.9  58.7  39.8 3248 12.21 USER6I TRACKSAT
+BST: 357.9  58.2  -5.0
Avg:  57.8   0.0   0.0   0.0   0.0
AGC Saved  61308, Threshold  60308, SNR 12.28
RF: I,1,61308,12.28,3240,1
Saved Sat Pos: AZ = 358.14, EL =  57.82
+POS: 357.7  58.0  39.8 3188 12.02 USER6I TRACKSAT
+BST: 357.8  57.6  -4.8
+VOLTAGE,2,ANT 8   VDC,8.1 
+POS: 358.0  58.6  39.8 3226 12.24 USER6I TRACKSAT
+BST: 358.0  58.2  -5.0
+$GPRMC,081528.000,A,2725.0003,S,15315.0010,E,0.00,114.49,260926,,,A*76
+POS: 357.6  58.1  39.8 3160 12.15 USER6I TRACKSAT
+BST: 357.7  57.7  -4.7
+POS: 358.0  58.6  39.8 3200 12.26 USER6I TRACKSAT
+BST: 358.0  58.1  -4.9
+AZOFFSET, 0.00,V
+POS: 357.5  58.2  39.8 3180 12.19 USER6I TRACKSAT
+BST: 357.6  57.7  -4.9
Avg:  57.8  57.9   0.0   0.0   0.0
AGC Saved  61291, Threshold  60291, SNR 12.17
RF: I,1,61291,12.10,3150,1
Saved Sat Pos: AZ = 357.56, EL =  57.87
Old Gyro Bias: AZ = 1361.47 EL = 1355.88
Gyro Bias Residue: AZ = -3.2378e-02 EL = 3.4628e-01
New Gyro Bias: AZ = 1361.50 EL = 1355.53
+POS: 358.2  58.4  39.8 3172 12.26 USER6I TRACKSAT
+BST: 358.2  57.9  -5.3
+POS: 357.5  58.4  39.8 3170 12.25 USER6I TRACKSAT
+BST: 357.6  57.9  -5.0
+$GPRMC,081543.000,A,2725.0003,S,15315.0010,E,0.00,114.49,260926,,,A*7B
+POS: 358.2  58.3  39.8 3148 12.23 USER6I TRACKSAT
+BST: 358.2  57.7  -5.0
Operational Hours = 17694.0
+POS: 357.5  58.6  39.8 3150 12.14 USER6I TRACKSAT
+BST: 357.6  58.2  -4.8
+POS: 358.1  58.2  39.8 3128 12.16 USER6I TRACKSAT
+BST: 358.2  57.7  -4.9
Avg:  57.8  57.9  57.9   0.0   0.0
AGC Saved  61305, Threshold  60305, SNR 12.15
RF: I,1,61305,12.17,3122,1
Saved Sat Pos: AZ = 357.74, EL =  57.88
+POS: 357.7  58.7  39.8 3124 12.14 USER6I TRACKSAT
+BST: 357.7  58.2  -5.2
+STATUS: 00000000 00000000
+POS: 358.1  58.1  39.8 3092 12.11 USER6I TRACKSAT
+BST: 358.1  57.6  -5.1
+$GPRMC,081558.000,A,2725.0003,S,15315.0010,E,0.00,114.49,260926,,,A*71
+POS: 357.8  58.7  39.8 3050 12.09 USER6I TRACKSAT
+BST: 357.8  58.4  -5.1
+POS: 357.9  58.0  39.8 3036 12.07 USER6I TRACKSAT
+BST: 357.9  57.5  -4.6
+POS: 358.0  58.7  39.8 3040 12.10 USER6I TRACKSAT
+BST: 357.9  58.2  -5.0
Avg:  57.8  57.9  57.9  57.9   0.0
AGC Saved  61328, Threshold  60328, SNR 12.29
RF: I,1,61328,12.25,3110,1
Saved Sat Pos: AZ = 358.20, EL =  57.89
Gyro Bias Residue: AZ = 4.6686e-03 EL = -8.7299e-02
Old Gyro Bias: AZ = 1361.50 EL = 1355.53
New Gyro Bias: AZ = 1361.50 EL = 1355.62
Saved Track Bias Az = 1361.50, El = 1355.62, Temp = 48 deg C
+POS: 357.7  58.1  39.8 3062 12.20 USER6I TRACKSAT
+BST: 357.8  57.6  -5.0
+POS: 358.1  58.7  39.8 3048 12.23 USER6I TRACKSAT
+BST: 358.1  58.1  -4.9
+$GPRMC,081613.000,A,2725.0003,S,15315.0010,E,0.00,114.49,260926,,,A*7D
+POS: 357.7  58.1  39.8 3026 12.19 USER6I TRACKSAT
+BST: 357.8  57.7  -4.8
+STATE: Tracking
+POS: 358.2  58.5  39.8 3032 12.26 USER6I TRACKSAT
+BST: 358.2  58.1  -5.1
+POS: 357.5  58.3  39.8 3018 12.20 USER6I TRACKSAT
+BST: 357.6  57.9  -4.8
Avg:  57.8  57.9  57.9  57.9  57.9
AGC Saved  61286, Threshold  60286, SNR 12.14
RF: I,1,61286,12.12,2970,1
Saved Sat Pos: AZ = 357.74, EL =  57.90
+POS: 358.3  58.4  39.8 3010 12.19 USER6I TRACKSAT
+BST: 358.3  57.8  -5.0
+VOLTAGE,3,ANT 5   VDC,5.0 
+POS: 357.6  58.5  39.8 2992 12.17 USER6I TRACKSAT
+BST: 357.6  58.0  -4.9
+POS: 358.3  58.2  39.8 2976 12.21 USER6I TRACKSAT
+BST: 358.3  57.7  -5.0
+$GPRMC,081628.000,A,2725.0003,S,15315.0009,E,0.00,114.49,260926,,,A*7D
+POS: 357.7  58.6  39.8 2972 12.18 USER6I TRACKSAT
+BST: 357.7  58.2  -5.0
+AZOFFSET, 0.00,V
+POS: 358.2  58.1  39.8 2954 12.13 USER6I TRACKSAT
+BST: 358.2  57.6  -4.9
Avg:  57.8  57.9  57.9  57.9  57.9
AGC Saved  61302, Threshold  60302, SNR 12.11
Saved Sat Pos: AZ = 357.74, EL =  57.91
RF: I,1,61302,12.11,2946,1
+POS: 357.8  58.7  39.8 2912 12.13 USER6I TRACKSAT
+BST: 357.8  58.2  -5.1
Gyro Bias Residue: AZ = -2.4597e-02 EL = 3.9435e-02
Old Gyro Bias: AZ = 1361.50 EL = 1355.62
New Gyro Bias: AZ = 1361.52 EL = 1355.58
+POS: 358.0  58.1  39.8 2890 12.12 USER6I TRACKSAT
+BST: 358.1  57.5  -4.8
+POS: 357.9  58.7  39.8 2930 12.15 USER6I TRACKSAT
+BST: 357.9  58.3  -5.1
+$GPRMC,081643.000,A,2725.0003,S,15315.0009,E,0.00,114.49,260926,,,A*70
+POS: 357.8  58.1  39.8 2910 12.10 USER6I TRACKSAT
+BST: 357.9  57.5  -4.8
